This is XeTeX, Version 3.141592653-2.6-0.999993 (TeX Live 2021/W32TeX) (preloaded format=xelatex 2021.9.26)  23 NOV 2025 18:42
entering extended mode
 restricted \write18 enabled.
 %&-line parsing enabled.
**Day23_Lesson.tex
(./Day23_Lesson.tex
LaTeX2e <2021-06-01> patch level 1
L3 programming layer <2021-08-27>

! LaTeX Error: File `scrartcl.cls' not found.

Type X to quit or <RETURN> to proceed,
or enter new name. (Default extension: cls)

Enter file name: 
! Emergency stop.
<read *> 
         
l.10 ^^M
         
Here is how much of TeX's memory you used:
 31 strings out of 478492
 571 string characters out of 5860186
 291567 words of memory out of 5000000
 20433 multiletter control sequences out of 15000+600000
 403430 words of font info for 27 fonts, out of 8000000 for 9000
 14 hyphenation exceptions out of 8191
 19i,0n,29p,110b,17s stack positions out of 5000i,500n,10000p,200000b,80000s

No pages of output.
